testNumbaNdft1DReturnsFiniteValuesForZeroAmplitudeResponse (test.test_aux_functions_numba.AuxFunctionsNumbaTest.testNumbaNdft1DReturnsFiniteValuesForZeroAmplitudeResponse) ... ok
testNumbaNdft2DReturnsFiniteValuesForZeroAmplitudeResponse (test.test_aux_functions_numba.AuxFunctionsNumbaTest.testNumbaNdft2DReturnsFiniteValuesForZeroAmplitudeResponse) ... ok
testNumbaOffPlotsCanSelectAbsoluteInlineOrXlineComponents (test.test_aux_functions_numba.AuxFunctionsNumbaTest.testNumbaOffPlotsCanSelectAbsoluteInlineOrXlineComponents) ... ok
testBuildRecentFileMenuPrunesMissingAbsoluteFileButKeepsRelativeEntry (test.test_document_context_service.DocumentContextServiceTest.testBuildRecentFileMenuPrunesMissingAbsoluteFileButKeepsRelativeEntry) ... ok
testCommitOpenedFileUpdatesCurrentPathAndRecentFiles (test.test_document_context_service.DocumentContextServiceTest.testCommitOpenedFileUpdatesCurrentPathAndRecentFiles) ... ok
testCommitSavedFileMovesExistingEntryToFront (test.test_document_context_service.DocumentContextServiceTest.testCommitSavedFileMovesExistingEntryToFront) ... ok
testLoadStoredValuesNormalizesRuntimeContext (test.test_document_context_service.DocumentContextServiceTest.testLoadStoredValuesNormalizesRuntimeContext) ... ok
testRemoveRecentFileUpdatesOwnedList (test.test_document_context_service.DocumentContextServiceTest.testRemoveRecentFileUpdatesOwnedList) ... ok
testResolveRecentFileNameResolvesRelativePathAgainstProjectDirectory (test.test_document_context_service.DocumentContextServiceTest.testResolveRecentFileNameResolvesRelativePathAgainstProjectDirectory) ... ok
testResolveRecentSelectionReturnsResolvedExistingPath (test.test_document_context_service.DocumentContextServiceTest.testResolveRecentSelectionReturnsResolvedExistingPath) ... ok
testApplyPointDuplicateFilterRecomputesSpatialState (test.test_filter_service.FilterServiceTest.testApplyPointDuplicateFilterRecomputesSpatialState) ... ok
testApplyPointOrphanFilterWithoutHullKeepsBoundEmpty (test.test_filter_service.FilterServiceTest.testApplyPointOrphanFilterWithoutHullKeepsBoundEmpty) ... ok
testApplyRelationFilterDoesNotRequestLayoutRefresh (test.test_filter_service.FilterServiceTest.testApplyRelationFilterDoesNotRequestLayoutRefresh) ... ok
testImportTextDataBuildsArraysAndTrimsUnusedRows (test.test_import_service.ImportServiceTest.testImportTextDataBuildsArraysAndTrimsUnusedRows) ... ok
testImportTextDataStopsCleanlyWhenCancelled (test.test_import_service.ImportServiceTest.testImportTextDataStopsCleanlyWhenCancelled) ... ok
testRunQualityChecksReturnsMessagesAndMutatesArrays (test.test_import_service.ImportServiceTest.testRunQualityChecksReturnsMessagesAndMutatesArrays) ... ok
testReadInit (test.test_init.TestInit.testReadInit)
Test that the plugin __init__ will validate on plugins.qgis.org. ... ok
testAnalysisParameterKeepsExpectedValueTupleOrder (test.test_my_parameters_aggregate_wrappers.AggregateParameterWrapperTest.testAnalysisParameterKeepsExpectedValueTupleOrder) ... ok
testBlockParameterWritesTemplateListBackToBlock (test.test_my_parameters_aggregate_wrappers.AggregateParameterWrapperTest.testBlockParameterWritesTemplateListBackToBlock) ... ok
testConfigurationParameterWritesBackToSurvey (test.test_my_parameters_aggregate_wrappers.AggregateParameterWrapperTest.testConfigurationParameterWritesBackToSurvey) ... ok
testGridParameterWritesLocalAndGlobalChangesBackToGrid (test.test_my_parameters_aggregate_wrappers.AggregateParameterWrapperTest.testGridParameterWritesLocalAndGlobalChangesBackToGrid) ... ok
testReflectorsParameterKeepsExpectedValueTupleOrder (test.test_my_parameters_aggregate_wrappers.AggregateParameterWrapperTest.testReflectorsParameterKeepsExpectedValueTupleOrder) ... ok
testTemplateParameterWritesSeedListBackToTemplate (test.test_my_parameters_aggregate_wrappers.AggregateParameterWrapperTest.testTemplateParameterWritesSeedListBackToTemplate) ... ok
testAppendNewManagedParameterItemAllocatesNameAndAppendsCreatedValue (test.test_my_parameters_seed_visibility.MyParameterPreviewSummaryHelperTest.testAppendNewManagedParameterItemAllocatesNameAndAppendsCreatedValue) ... ok
testAppendNewManagedParameterItemPassesExplicitMenuNameAndAfterAppend (test.test_my_parameters_seed_visibility.MyParameterPreviewSummaryHelperTest.testAppendNewManagedParameterItemPassesExplicitMenuNameAndAfterAppend) ... ok
testApplyAnalysisParametersUpdatesTupleState (test.test_my_parameters_seed_visibility.MyParameterPreviewSummaryHelperTest.testApplyAnalysisParametersUpdatesTupleState) ... ok
testApplyBinAnglesParametersUpdatesAngleRanges (test.test_my_parameters_seed_visibility.MyParameterPreviewSummaryHelperTest.testApplyBinAnglesParametersUpdatesAngleRanges) ... ok
testApplyBinMethodParametersMapsSelectedMethodAndVelocity (test.test_my_parameters_seed_visibility.MyParameterPreviewSummaryHelperTest.testApplyBinMethodParametersMapsSelectedMethodAndVelocity) ... ok
testApplyBinOffsetParametersNormalizesOffsetRanges (test.test_my_parameters_seed_visibility.MyParameterPreviewSummaryHelperTest.testApplyBinOffsetParametersNormalizesOffsetRanges) ... ok
testApplyBlockParametersUpdatesTupleStateAndBackingBlock (test.test_my_parameters_seed_visibility.MyParameterPreviewSummaryHelperTest.testApplyBlockParametersUpdatesTupleStateAndBackingBlock) ... ok
testApplyCircleParametersUpdatesGeometryAndPointCount (test.test_my_parameters_seed_visibility.MyParameterPreviewSummaryHelperTest.testApplyCircleParametersUpdatesGeometryAndPointCount) ... ok
testApplyConfigurationParameterValuesUpdatesTupleStateAndSurvey (test.test_my_parameters_seed_visibility.MyParameterPreviewSummaryHelperTest.testApplyConfigurationParameterValuesUpdatesTupleStateAndSurvey) ... ok
testApplyGlobalGridParametersUpdatesGridFields (test.test_my_parameters_seed_visibility.MyParameterPreviewSummaryHelperTest.testApplyGlobalGridParametersUpdatesGridFields) ... ok
testApplyGridSeedPatternRefreshUpdatesPatternLimitsSelectionAndVisibility (test.test_my_parameters_seed_visibility.MyParameterPreviewSummaryHelperTest.testApplyGridSeedPatternRefreshUpdatesPatternLimitsSelectionAndVisibility) ... ok
testApplyLocalGridParametersUpdatesGridFields (test.test_my_parameters_seed_visibility.MyParameterPreviewSummaryHelperTest.testApplyLocalGridParametersUpdatesGridFields) ... ok
testApplyNonGridSeedTypeStateClearsPatternAndUpdatesVisibility (test.test_my_parameters_seed_visibility.MyParameterPreviewSummaryHelperTest.testApplyNonGridSeedTypeStateClearsPatternAndUpdatesVisibility) ... ok
testApplyPatternListSideEffectsRunsSyncThenRefresh (test.test_my_parameters_seed_visibility.MyParameterPreviewSummaryHelperTest.testApplyPatternListSideEffectsRunsSyncThenRefresh) ... ok
testApplyPatternMoveSideEffectsUpdatesIndicesThenRefreshes (test.test_my_parameters_seed_visibility.MyParameterPreviewSummaryHelperTest.testApplyPatternMoveSideEffectsUpdatesIndicesThenRefreshes) ... ok
testApplyPatternRemovalSideEffectsUpdatesIndicesThenRefreshes (test.test_my_parameters_seed_visibility.MyParameterPreviewSummaryHelperTest.testApplyPatternRemovalSideEffectsUpdatesIndicesThenRefreshes) ... ok
testApplyPatternSeedParameterValuesUpdatesSeedFields (test.test_my_parameters_seed_visibility.MyParameterPreviewSummaryHelperTest.testApplyPatternSeedParameterValuesUpdatesSeedFields) ... ok
testApplyPlaneParametersUpdatesPlaneFields (test.test_my_parameters_seed_visibility.MyParameterPreviewSummaryHelperTest.testApplyPlaneParametersUpdatesPlaneFields) ... ok
testApplyReflectorParametersUpdatesTupleState (test.test_my_parameters_seed_visibility.MyParameterPreviewSummaryHelperTest.testApplyReflectorParametersUpdatesTupleState) ... ok
testApplyRollListParametersUpdatesMoveListFromCurrentChildren (test.test_my_parameters_seed_visibility.MyParameterPreviewSummaryHelperTest.testApplyRollListParametersUpdatesMoveListFromCurrentChildren) ... ok
testApplyRollParameterIncrementUpdatesVectorAndRefreshesAngles (test.test_my_parameters_seed_visibility.MyParameterPreviewSummaryHelperTest.testApplyRollParameterIncrementUpdatesVectorAndRefreshesAngles) ... ok
testApplyRollParameterStepCountUpdatesStepsAndEmitsValueChange (test.test_my_parameters_seed_visibility.MyParameterPreviewSummaryHelperTest.testApplyRollParameterStepCountUpdatesStepsAndEmitsValueChange) ... ok
testApplySeedTypeChangeRoutesGridSeedTypesToRefresh (test.test_my_parameters_seed_visibility.MyParameterPreviewSummaryHelperTest.testApplySeedTypeChangeRoutesGridSeedTypesToRefresh) ... ok
testApplySeedTypeChangeRoutesNonGridSeedTypesToVisibilityHelper (test.test_my_parameters_seed_visibility.MyParameterPreviewSummaryHelperTest.testApplySeedTypeChangeRoutesNonGridSeedTypesToVisibilityHelper) ... ok
testApplySphereParametersUpdatesSphereFields (test.test_my_parameters_seed_visibility.MyParameterPreviewSummaryHelperTest.testApplySphereParametersUpdatesSphereFields) ... ok
testApplySpiralParametersUpdatesGeometryAndPointCount (test.test_my_parameters_seed_visibility.MyParameterPreviewSummaryHelperTest.testApplySpiralParametersUpdatesGeometryAndPointCount) ... ok
testApplyTemplateParametersUpdatesTupleStateAndBackingTemplate (test.test_my_parameters_seed_visibility.MyParameterPreviewSummaryHelperTest.testApplyTemplateParametersUpdatesTupleStateAndBackingTemplate) ... ok
testApplyUniqueOffsetParametersUpdatesPruningState (test.test_my_parameters_seed_visibility.MyParameterPreviewSummaryHelperTest.testApplyUniqueOffsetParametersUpdatesPruningState) ... ok
testApplyWellHeaderParameterChangeUpdatesFieldRefreshesHeaderAndProcessesEvents (test.test_my_parameters_seed_visibility.MyParameterPreviewSummaryHelperTest.testApplyWellHeaderParameterChangeUpdatesFieldRefreshesHeaderAndProcessesEvents) ... ok
testApplyWellSamplingFromParametersUsesLiveFieldValues (test.test_my_parameters_seed_visibility.MyParameterPreviewSummaryHelperTest.testApplyWellSamplingFromParametersUsesLiveFieldValues) ... ok
testFindParameterTreeRootClimbsToTopParameter (test.test_my_parameters_seed_visibility.MyParameterPreviewSummaryHelperTest.testFindParameterTreeRootClimbsToTopParameter) ... ok
testFormatPreviewCountLabelFormatsNonZeroCount (test.test_my_parameters_seed_visibility.MyParameterPreviewSummaryHelperTest.testFormatPreviewCountLabelFormatsNonZeroCount) ... ok
testFormatPreviewCountLabelUsesEmptyTextForZero (test.test_my_parameters_seed_visibility.MyParameterPreviewSummaryHelperTest.testFormatPreviewCountLabelUsesEmptyTextForZero) ... ok
testFormatPreviewPointSummaryWithDecimalsAndDetails (test.test_my_parameters_seed_visibility.MyParameterPreviewSummaryHelperTest.testFormatPreviewPointSummaryWithDecimalsAndDetails) ... ok
testFormatPreviewPointSummaryWithoutDetails (test.test_my_parameters_seed_visibility.MyParameterPreviewSummaryHelperTest.testFormatPreviewPointSummaryWithoutDetails) ... ok
testIterTemplateSeedParametersYieldsNestedTemplateSeeds (test.test_my_parameters_seed_visibility.MyParameterPreviewSummaryHelperTest.testIterTemplateSeedParametersYieldsNestedTemplateSeeds) ... ok
testPreviewBlockSourceSummaryAggregatesTemplateShots (test.test_my_parameters_seed_visibility.MyParameterPreviewSummaryHelperTest.testPreviewBlockSourceSummaryAggregatesTemplateShots) ... ok
testPreviewSeedListCompositionSummaryCountsSourceAndReceiverSeeds (test.test_my_parameters_seed_visibility.MyParameterPreviewSummaryHelperTest.testPreviewSeedListCompositionSummaryCountsSourceAndReceiverSeeds) ... ok
testPreviewSeedListCompositionSummaryReturnsEmptyState (test.test_my_parameters_seed_visibility.MyParameterPreviewSummaryHelperTest.testPreviewSeedListCompositionSummaryReturnsEmptyState) ... ok
testPreviewSeedShotCountAppliesRollAlongMultiplierForSourceSeed (test.test_my_parameters_seed_visibility.MyParameterPreviewSummaryHelperTest.testPreviewSeedShotCountAppliesRollAlongMultiplierForSourceSeed) ... ok
testPreviewTemplateSourceSummaryCountsAllSeedsAndOnlySourceShots (test.test_my_parameters_seed_visibility.MyParameterPreviewSummaryHelperTest.testPreviewTemplateSourceSummaryCountsAllSeedsAndOnlySourceShots) ... ok
testPreviewWellSummaryFlagsMissingFilePath (test.test_my_parameters_seed_visibility.MyParameterPreviewSummaryHelperTest.testPreviewWellSummaryFlagsMissingFilePath) ... ok
testPreviewWellSummaryFormatsValidFileSummary (test.test_my_parameters_seed_visibility.MyParameterPreviewSummaryHelperTest.testPreviewWellSummaryFormatsValidFileSummary) ... ok
testPreviewWellSummaryUsesErrorTextWhenPresent (test.test_my_parameters_seed_visibility.MyParameterPreviewSummaryHelperTest.testPreviewWellSummaryUsesErrorTextWhenPresent) ... ok
testRefreshWellHeaderFromParameterRefreshesOriginsAndSamplingOnSuccess (test.test_my_parameters_seed_visibility.MyParameterPreviewSummaryHelperTest.testRefreshWellHeaderFromParameterRefreshesOriginsAndSamplingOnSuccess) ... ok
testRefreshWellHeaderFromParameterWarnsOnFailureWhenRequested (test.test_my_parameters_seed_visibility.MyParameterPreviewSummaryHelperTest.testRefreshWellHeaderFromParameterWarnsOnFailureWhenRequested) ... ok
testResolveGridSeedPatternRefreshStateFallsBackToCurrentSeedType (test.test_my_parameters_seed_visibility.MyParameterPreviewSummaryHelperTest.testResolveGridSeedPatternRefreshStateFallsBackToCurrentSeedType) ... ok
testResolveGridSeedPatternRefreshStateUsesExplicitSeedTypeAndRoot (test.test_my_parameters_seed_visibility.MyParameterPreviewSummaryHelperTest.testResolveGridSeedPatternRefreshStateUsesExplicitSeedTypeAndRoot) ... ok
testSharedSeedRowsUpdateBackingSeed (test.test_my_parameters_seed_visibility.MyPatternSeedParameterTest.testSharedSeedRowsUpdateBackingSeed) ... ok
testRefreshPatternListKeepsSelectedPatternForGridSeed (test.test_my_parameters_seed_visibility.MySeedParameterVisibilityTest.testRefreshPatternListKeepsSelectedPatternForGridSeed) ... ok
testSeedPatternOnlyVisibleForGridSeeds (test.test_my_parameters_seed_visibility.MySeedParameterVisibilityTest.testSeedPatternOnlyVisibleForGridSeeds) ... ok
testAnalysisValuesFromParametersBuildsExpectedTupleOrder (test.test_parameter_aggregate_helpers.ParameterAggregateHelpersTest.testAnalysisValuesFromParametersBuildsExpectedTupleOrder) ... ok
testAnalysisValuesFromSurveyKeepsExpectedTupleOrder (test.test_parameter_aggregate_helpers.ParameterAggregateHelpersTest.testAnalysisValuesFromSurveyKeepsExpectedTupleOrder) ... ok
testApplyConfigurationValuesUpdatesSurveyAndReturnsTuple (test.test_parameter_aggregate_helpers.ParameterAggregateHelpersTest.testApplyConfigurationValuesUpdatesSurveyAndReturnsTuple) ... ok
testApplyGlobalGridValuesCopiesGlobalGridFields (test.test_parameter_aggregate_helpers.ParameterAggregateHelpersTest.testApplyGlobalGridValuesCopiesGlobalGridFields) ... ok
testApplyLocalGridValuesCopiesLocalGridFields (test.test_parameter_aggregate_helpers.ParameterAggregateHelpersTest.testApplyLocalGridValuesCopiesLocalGridFields) ... ok
testBlockValuesHelpersKeepExpectedTupleOrderAndApply (test.test_parameter_aggregate_helpers.ParameterAggregateHelpersTest.testBlockValuesHelpersKeepExpectedTupleOrderAndApply) ... ok
testConfigurationValuesFromSurveyReturnsStringTypeName (test.test_parameter_aggregate_helpers.ParameterAggregateHelpersTest.testConfigurationValuesFromSurveyReturnsStringTypeName) ... ok
testReflectorValuesHelpersKeepExpectedTupleOrder (test.test_parameter_aggregate_helpers.ParameterAggregateHelpersTest.testReflectorValuesHelpersKeepExpectedTupleOrder) ... ok
testTemplateValuesHelpersKeepExpectedTupleOrderAndApply (test.test_parameter_aggregate_helpers.ParameterAggregateHelpersTest.testTemplateValuesHelpersKeepExpectedTupleOrderAndApply) ... ok
testCreateAppendedTemplateSeedFallsBackToReceiverWithoutReceiverSeed (test.test_parameter_creation_helpers.ParameterCreationHelpersTest.testCreateAppendedTemplateSeedFallsBackToReceiverWithoutReceiverSeed) ... ok
testCreateAppendedTemplateSeedPrefersSourceWhenReceiverExists (test.test_parameter_creation_helpers.ParameterCreationHelpersTest.testCreateAppendedTemplateSeedPrefersSourceWhenReceiverExists) ... ok
testCreateDefaultBlockBuildsOneDefaultTemplate (test.test_parameter_creation_helpers.ParameterCreationHelpersTest.testCreateDefaultBlockBuildsOneDefaultTemplate) ... ok
testCreateDefaultTemplateBuildsTwoSurveyBoundSeeds (test.test_parameter_creation_helpers.ParameterCreationHelpersTest.testCreateDefaultTemplateBuildsTwoSurveyBoundSeeds) ... ok
testAppendManagedParameterItemAppendsAddsAndEmits (test.test_parameter_list_helpers.ParameterListHelpersTest.testAppendManagedParameterItemAppendsAddsAndEmits) ... ok
testAppendManagedParameterItemRunsAfterAppendCallback (test.test_parameter_list_helpers.ParameterListHelpersTest.testAppendManagedParameterItemRunsAfterAppendCallback) ... ok
testMoveManagedParameterItemMovesAndReinserts (test.test_parameter_list_helpers.ParameterListHelpersTest.testMoveManagedParameterItemMovesAndReinserts) ... ok
testMoveManagedParameterItemRunsAfterMoveCallback (test.test_parameter_list_helpers.ParameterListHelpersTest.testMoveManagedParameterItemRunsAfterMoveCallback) ... ok
testMoveManagedParameterItemSkipsOutOfRangeMove (test.test_parameter_list_helpers.ParameterListHelpersTest.testMoveManagedParameterItemSkipsOutOfRangeMove) ... ok
testNextManagedChildNameSkipsExistingNames (test.test_parameter_list_helpers.ParameterListHelpersTest.testNextManagedChildNameSkipsExistingNames) ... ok
testRemoveManagedParameterItemRemovesAndEmits (test.test_parameter_list_helpers.ParameterListHelpersTest.testRemoveManagedParameterItemRemovesAndEmits) ... ok
testRemoveManagedParameterItemRunsAfterRemoveCallback (test.test_parameter_list_helpers.ParameterListHelpersTest.testRemoveManagedParameterItemRunsAfterRemoveCallback) ... ok
testRemoveManagedParameterItemSkipsWhenNotConfirmed (test.test_parameter_list_helpers.ParameterListHelpersTest.testRemoveManagedParameterItemSkipsWhenNotConfirmed) ... ok
testSwapManagedParameterItemsSkipsOutOfRangeSwap (test.test_parameter_list_helpers.ParameterListHelpersTest.testSwapManagedParameterItemsSkipsOutOfRangeSwap) ... ok
testSwapManagedParameterItemsSwapsValuesAndPreservesSlotNames (test.test_parameter_list_helpers.ParameterListHelpersTest.testSwapManagedParameterItemsSwapsValuesAndPreservesSlotNames) ... ok
testApplySeedTypeClearsPatternForNonGridSeed (test.test_parameter_seed_well_helpers.SeedParameterStateHelperTest.testApplySeedTypeClearsPatternForNonGridSeed) ... ok
testPatternNamesFallsBackToSurvey (test.test_parameter_seed_well_helpers.SeedParameterStateHelperTest.testPatternNamesFallsBackToSurvey) ... ok
testRefreshedPatternStateFallsBackToNoneForNonGridSeed (test.test_parameter_seed_well_helpers.SeedParameterStateHelperTest.testRefreshedPatternStateFallsBackToNoneForNonGridSeed) ... ok
testRefreshedPatternStateUsesCurrentPatternSelectionForGridSeed (test.test_parameter_seed_well_helpers.SeedParameterStateHelperTest.testRefreshedPatternStateUsesCurrentPatternSelectionForGridSeed) ... ok
testRefreshHeaderOrRaisePassesExplicitSurveyContext (test.test_parameter_seed_well_helpers.WellParameterStateHelperTest.testRefreshHeaderOrRaisePassesExplicitSurveyContext) ... ok
testRefreshHeaderPassesExplicitSurveyContext (test.test_parameter_seed_well_helpers.WellParameterStateHelperTest.testRefreshHeaderPassesExplicitSurveyContext) ... ok
testCalculateAnalysisDimensionsUsesSurveyOutputAndBinSize (test.test_project_service.ProjectServiceTest.testCalculateAnalysisDimensionsUsesSurveyOutputAndBinSize) ... ok
testLoadProjectSidecarsLoadsBatchState (test.test_project_service.ProjectServiceTest.testLoadProjectSidecarsLoadsBatchState) ... ok
testLoadProjectSidecarsLoadsReusableMinimalFixture (test.test_project_service.ProjectServiceTest.testLoadProjectSidecarsLoadsReusableMinimalFixture) ... ok
testLoadProjectSidecarsLogsExactNormalizedLegacySidecarPath (test.test_project_service.ProjectServiceTest.testLoadProjectSidecarsLogsExactNormalizedLegacySidecarPath) ... ok
testOpenAnalysisMemmapFallsBackToCopyOnWriteWhenWritableOpenIsDenied (test.test_project_service.ProjectServiceTest.testOpenAnalysisMemmapFallsBackToCopyOnWriteWhenWritableOpenIsDenied) ... ok
testOpenAnalysisMemmapReturnsFlattenedView (test.test_project_service.ProjectServiceTest.testOpenAnalysisMemmapReturnsFlattenedView) ... ok
testReadProjectTextReturnsErrorForMissingFile (test.test_project_service.ProjectServiceTest.testReadProjectTextReturnsErrorForMissingFile) ... ok
testSaveAndLoadAnalysisSidecars (test.test_project_service.ProjectServiceTest.testSaveAndLoadAnalysisSidecars) ... ok
testSaveSurveyDataSidecars (test.test_project_service.ProjectServiceTest.testSaveSurveyDataSidecars) ... ok
testWriteAndReadProjectXml (test.test_project_service.ProjectServiceTest.testWriteAndReadProjectXml) ... ok
testCollectSeedGeometriesBuildsFixedGridFromGrowListWhenPointArrayMissing (test.test_project_sidecars.Layout3DHelperTest.testCollectSeedGeometriesBuildsFixedGridFromGrowListWhenPointArrayMissing) ... ok
testCollectSeedGeometriesIncludesFixedGridAsInvariant3DGeometry (test.test_project_sidecars.Layout3DHelperTest.testCollectSeedGeometriesIncludesFixedGridAsInvariant3DGeometry) ... ok
testCollectSeedGeometriesTransformsFixedGridSegmentsInGlobalMode (test.test_project_sidecars.Layout3DHelperTest.testCollectSeedGeometriesTransformsFixedGridSegmentsInGlobalMode) ... ok
testDataPointsLocalBoundingRectPreservesTightLocalFootprintForRotatedGlobalData (test.test_project_sidecars.Layout3DHelperTest.testDataPointsLocalBoundingRectPreservesTightLocalFootprintForRotatedGlobalData) ... ok
testDrawPointSetsUsesProvidedDepthValues (test.test_project_sidecars.Layout3DHelperTest.testDrawPointSetsUsesProvidedDepthValues) ... ok
testDrawSpiderOverlayExtendsCachedDepthRangeToIncludeCmpDepths (test.test_project_sidecars.Layout3DHelperTest.testDrawSpiderOverlayExtendsCachedDepthRangeToIncludeCmpDepths) ... ok
testPgSymbolToMplMarkerMapsCommonPyqtgraphSymbols (test.test_project_sidecars.Layout3DHelperTest.testPgSymbolToMplMarkerMapsCommonPyqtgraphSymbols) ... ok
testRenderBaseLayersDrawsAreasInJustBlocksMode (test.test_project_sidecars.Layout3DHelperTest.testRenderBaseLayersDrawsAreasInJustBlocksMode) ... ok
testUpdateFromSurveyExpandsDepthRangeForPointSets (test.test_project_sidecars.Layout3DHelperTest.testUpdateFromSurveyExpandsDepthRangeForPointSets) ... ok
testAxisEditEmitsParentValueChanged (test.test_project_sidecars.MyPoint3DParameterTest.testAxisEditEmitsParentValueChanged) ... ok
testActivateUpdatesActiveDebugLogging (test.test_project_sidecars.ProjectSidecarsTest.testActivateUpdatesActiveDebugLogging) ... ok
testActivateUpdatesActiveShowSummaries (test.test_project_sidecars.ProjectSidecarsTest.testActivateUpdatesActiveShowSummaries) ... ok
testActivateUpdatesActiveUseExperimental (test.test_project_sidecars.ProjectSidecarsTest.testActivateUpdatesActiveUseExperimental) ... ok
testAppendLogMessageUsesAppSettingsDebugFlag (test.test_project_sidecars.ProjectSidecarsTest.testAppendLogMessageUsesAppSettingsDebugFlag) ... ok
testApplyBinningWorkerResultHandlesGeometryResultWithoutProfiling (test.test_project_sidecars.ProjectSidecarsTest.testApplyBinningWorkerResultHandlesGeometryResultWithoutProfiling) ... ok
testApplyPropertyChangesKeepsAnalysisCachesWhenBinAreaUnchanged (test.test_project_sidecars.ProjectSidecarsTest.testApplyPropertyChangesKeepsAnalysisCachesWhenBinAreaUnchanged) ... ok
testApplyPropertyChangesPreservesStreamerPlottingDetails (test.test_project_sidecars.ProjectSidecarsTest.testApplyPropertyChangesPreservesStreamerPlottingDetails) ... ok
testApplyPropertyChangesPropagatesConfirmedSeedColorToNormalSeeds (test.test_project_sidecars.ProjectSidecarsTest.testApplyPropertyChangesPropagatesConfirmedSeedColorToNormalSeeds) ... ok
testApplyPropertyChangesPropagatesConfirmedSeedGridGrowStepsToNormalSeeds (test.test_project_sidecars.ProjectSidecarsTest.testApplyPropertyChangesPropagatesConfirmedSeedGridGrowStepsToNormalSeeds) ... ok
testApplyPropertyChangesPropagatesConfirmedSeedOriginShiftToNormalSeeds (test.test_project_sidecars.ProjectSidecarsTest.testApplyPropertyChangesPropagatesConfirmedSeedOriginShiftToNormalSeeds) ... ok
testApplyPropertyChangesPropagatesConfirmedSeedPatternToNormalSeeds (test.test_project_sidecars.ProjectSidecarsTest.testApplyPropertyChangesPropagatesConfirmedSeedPatternToNormalSeeds) ... ok
testApplyPropertyChangesPropagatesConfirmedSeedRenameToNormalSeeds (test.test_project_sidecars.ProjectSidecarsTest.testApplyPropertyChangesPropagatesConfirmedSeedRenameToNormalSeeds) ... ok
testApplyPropertyChangesResetsAnalysisCachesWhenBinAreaChanges (test.test_project_sidecars.ProjectSidecarsTest.testApplyPropertyChangesResetsAnalysisCachesWhenBinAreaChanges) ... ok
testApplySurveyAreaShiftMovesTemplateSeedsRebuildsDerivedStateAndKeepsWellAnchored (test.test_project_sidecars.ProjectSidecarsTest.testApplySurveyAreaShiftMovesTemplateSeedsRebuildsDerivedStateAndKeepsWellAnchored) ... ok
testBinFromGeometryUsesRequestObjectAndResultSignal (test.test_project_sidecars.ProjectSidecarsTest.testBinFromGeometryUsesRequestObjectAndResultSignal) ... ok
testBinFromGeometryWorkerRunEmitsTypedResultsOnSuccessAndFailure (test.test_project_sidecars.ProjectSidecarsTest.testBinFromGeometryWorkerRunEmitsTypedResultsOnSuccessAndFailure) ... ok
testBinFromSpsUsesRequestObjectAndResultSignal (test.test_project_sidecars.ProjectSidecarsTest.testBinFromSpsUsesRequestObjectAndResultSignal) ... ok
testBinFromTemplatesUsesRequestObjectAndResultSignal (test.test_project_sidecars.ProjectSidecarsTest.testBinFromTemplatesUsesRequestObjectAndResultSignal) ... ok
testBindJobSignalsRoutesSurveyLogMessagesUsingJobMessageType (test.test_project_sidecars.ProjectSidecarsTest.testBindJobSignalsRoutesSurveyLogMessagesUsingJobMessageType) ... ok
testBinningGeometryThreadFinishedHandlesFailureResult (test.test_project_sidecars.ProjectSidecarsTest.testBinningGeometryThreadFinishedHandlesFailureResult) ... ok
testBinningGeometryThreadFinishedUsesResultObject (test.test_project_sidecars.ProjectSidecarsTest.testBinningGeometryThreadFinishedUsesResultObject) ... ok
testBinningProfilingSummaryHighlightsBuildVsWriteTotals (test.test_project_sidecars.ProjectSidecarsTest.testBinningProfilingSummaryHighlightsBuildVsWriteTotals) ... ok
testBinningTemplatesThreadFinishedHandlesFailureResult (test.test_project_sidecars.ProjectSidecarsTest.testBinningTemplatesThreadFinishedHandlesFailureResult) ... ok
testBinningTemplatesThreadFinishedUsesResultObject (test.test_project_sidecars.ProjectSidecarsTest.testBinningTemplatesThreadFinishedUsesResultObject) ... ok
testBinningWorkerRunEmitsTypedResultsOnSuccessAndFailure (test.test_project_sidecars.ProjectSidecarsTest.testBinningWorkerRunEmitsTypedResultsOnSuccessAndFailure) ... ok
testBinningWorkerRunUsesOptionalProfilingPayload (test.test_project_sidecars.ProjectSidecarsTest.testBinningWorkerRunUsesOptionalProfilingPayload) ... ok
testCancelCurrentOperationWaitTimeoutKeepsUiAliveUntilThreadStops (test.test_project_sidecars.ProjectSidecarsTest.testCancelCurrentOperationWaitTimeoutKeepsUiAliveUntilThreadStops) ... ok
testCfpAnalysisTabIsInsertedWithImageAndColorBar (test.test_project_sidecars.ProjectSidecarsTest.testCfpAnalysisTabIsInsertedWithImageAndColorBar) ... ok
testCfpFromTemplatesThreadFinishedUsesResultObject (test.test_project_sidecars.ProjectSidecarsTest.testCfpFromTemplatesThreadFinishedUsesResultObject) ... ok
testCfpFromTemplatesWorkerRunUsesResultPayload (test.test_project_sidecars.ProjectSidecarsTest.testCfpFromTemplatesWorkerRunUsesResultPayload) ... ok
testCfpFromTraceTableThreadFinishedUsesResultObject (test.test_project_sidecars.ProjectSidecarsTest.testCfpFromTraceTableThreadFinishedUsesResultObject) ... ok
testCfpFromTraceTableWorkerRunUsesChunkedResultPayload (test.test_project_sidecars.ProjectSidecarsTest.testCfpFromTraceTableWorkerRunUsesChunkedResultPayload) ... ok
testCfpRadonPlotMouseStatusIncludesSampledAmplitude (test.test_project_sidecars.ProjectSidecarsTest.testCfpRadonPlotMouseStatusIncludesSampledAmplitude) ... ok
testCopyFallsBackToPlotClipboardWhenFocusCopyUnavailable (test.test_project_sidecars.ProjectSidecarsTest.testCopyFallsBackToPlotClipboardWhenFocusCopyUnavailable) ... ok
testCreateCfpAnalysisFromTemplatesFallsBackToAnalysisAreaCenterWithoutSpiderPoint (test.test_project_sidecars.ProjectSidecarsTest.testCreateCfpAnalysisFromTemplatesFallsBackToAnalysisAreaCenterWithoutSpiderPoint) ... ok
testCreateCfpAnalysisFromTemplatesUsesRequestObjectAndResultSignal (test.test_project_sidecars.ProjectSidecarsTest.testCreateCfpAnalysisFromTemplatesUsesRequestObjectAndResultSignal) ... ok
testCreateCfpAnalysisFromTraceTableUsesRequestObjectAndResultSignal (test.test_project_sidecars.ProjectSidecarsTest.testCreateCfpAnalysisFromTraceTableUsesRequestObjectAndResultSignal) ... ok
testCreateGeometryFromTemplatesUsesRequestObjectAndResultSignal (test.test_project_sidecars.ProjectSidecarsTest.testCreateGeometryFromTemplatesUsesRequestObjectAndResultSignal) ... ok
testCreatePlotWidgetDisablesPyqtgraphExportContextMenu (test.test_project_sidecars.ProjectSidecarsTest.testCreatePlotWidgetDisablesPyqtgraphExportContextMenu) ... ok
testDefaultReflectPenMatchesConfig (test.test_project_sidecars.ProjectSidecarsTest.testDefaultReflectPenMatchesConfig) ... ok
testDispatchAnalysisRedrawInvalidatesPatternResponseOnSelectionChange (test.test_project_sidecars.ProjectSidecarsTest.testDispatchAnalysisRedrawInvalidatesPatternResponseOnSelectionChange) ... ok
testDispatchAnalysisRedrawInvalidatesStackCellCacheOnPatternChange (test.test_project_sidecars.ProjectSidecarsTest.testDispatchAnalysisRedrawInvalidatesStackCellCacheOnPatternChange) ... ok
testDispatchAnalysisRedrawInvalidatesStackInlineCacheOnControllerReason (test.test_project_sidecars.ProjectSidecarsTest.testDispatchAnalysisRedrawInvalidatesStackInlineCacheOnControllerReason) ... ok
testDispatchAnalysisRedrawKeepsOffAziHistogramForDisplayModeChange (test.test_project_sidecars.ProjectSidecarsTest.testDispatchAnalysisRedrawKeepsOffAziHistogramForDisplayModeChange) ... ok
testDispatchAnalysisRedrawKeepsOffsetHistogramForVisibleActivation (test.test_project_sidecars.ProjectSidecarsTest.testDispatchAnalysisRedrawKeepsOffsetHistogramForVisibleActivation) ... ok
testDispatchAnalysisRedrawKeepsStackCellResponsiveInBothDirections (test.test_project_sidecars.ProjectSidecarsTest.testDispatchAnalysisRedrawKeepsStackCellResponsiveInBothDirections) ... ok
testDispatchAnalysisRedrawOffAziPresentationReasonSkipsHistogramRecompute (test.test_project_sidecars.ProjectSidecarsTest.testDispatchAnalysisRedrawOffAziPresentationReasonSkipsHistogramRecompute) ... ok
testDispatchAnalysisRedrawOffsetVisibleActivationReusesHistogramButControllerRecomputes (test.test_project_sidecars.ProjectSidecarsTest.testDispatchAnalysisRedrawOffsetVisibleActivationReusesHistogramButControllerRecomputes) ... ok
testDispatchAnalysisRedrawRoutesOffAziToRedrawOffAzi (test.test_project_sidecars.ProjectSidecarsTest.testDispatchAnalysisRedrawRoutesOffAziToRedrawOffAzi) ... ok
testDispatchAnalysisRedrawRoutesOffsetToRedrawOffset (test.test_project_sidecars.ProjectSidecarsTest.testDispatchAnalysisRedrawRoutesOffsetToRedrawOffset) ... ok
testDispatchAnalysisRedrawRoutesPatternsToPlotPatterns (test.test_project_sidecars.ProjectSidecarsTest.testDispatchAnalysisRedrawRoutesPatternsToPlotPatterns) ... ok
testDispatchAnalysisRedrawRoutesStackInlineUsingContext (test.test_project_sidecars.ProjectSidecarsTest.testDispatchAnalysisRedrawRoutesStackInlineUsingContext) ... ok
testDispatchAnalysisRedrawSkipsStackInlineForHorizontalMovement (test.test_project_sidecars.ProjectSidecarsTest.testDispatchAnalysisRedrawSkipsStackInlineForHorizontalMovement) ... ok
testDispatchAnalysisRedrawSkipsStackXlineForVerticalMovement (test.test_project_sidecars.ProjectSidecarsTest.testDispatchAnalysisRedrawSkipsStackXlineForVerticalMovement) ... ok
testEnableProcessingMenuItemsControlsCfpActionsFromExperimentalFlagAndTraceTable (test.test_project_sidecars.ProjectSidecarsTest.testEnableProcessingMenuItemsControlsCfpActionsFromExperimentalFlagAndTraceTable) ... ok
testEnableProcessingMenuItemsUsesAvailableInputs (test.test_project_sidecars.ProjectSidecarsTest.testEnableProcessingMenuItemsUsesAvailableInputs) ... ok
testEventFilterDisablesPlotToolbarActionsForNonPlotWidget (test.test_project_sidecars.ProjectSidecarsTest.testEventFilterDisablesPlotToolbarActionsForNonPlotWidget) ... ok
testEventFilterSyncsToolbarStateForVisiblePlot (test.test_project_sidecars.ProjectSidecarsTest.testEventFilterSyncsToolbarStateForVisiblePlot) ... ok
testExportSpsAndSrcToQgisUseAppSettingsParallelFlag (test.test_project_sidecars.ProjectSidecarsTest.testExportSpsAndSrcToQgisUseAppSettingsParallelFlag) ... ok
testFileExportOffsetGapsUsesLayoutMetadata (test.test_project_sidecars.ProjectSidecarsTest.testFileExportOffsetGapsUsesLayoutMetadata) ... ok
testFileLoadIgnoresFoldSidecarWithWrongDimensions (test.test_project_sidecars.ProjectSidecarsTest.testFileLoadIgnoresFoldSidecarWithWrongDimensions) ... ok
testFileLoadLoadsFoldSidecarWithExpectedDimensions (test.test_project_sidecars.ProjectSidecarsTest.testFileLoadLoadsFoldSidecarWithExpectedDimensions) ... ok
testFileLoadLoadsSurveySidecarsAndRebuildsPointState (test.test_project_sidecars.ProjectSidecarsTest.testFileLoadLoadsSurveySidecarsAndRebuildsPointState) ... ok
testFileLoadNormalizesLegacyPointSidecarsWithoutInUse (test.test_project_sidecars.ProjectSidecarsTest.testFileLoadNormalizesLegacyPointSidecarsWithoutInUse) ... ok
testFileLoadPersistsRecentFileList (test.test_project_sidecars.ProjectSidecarsTest.testFileLoadPersistsRecentFileList) ... ok
testFileLoadReadFailurePreservesProjectDirectory (test.test_project_sidecars.ProjectSidecarsTest.testFileLoadReadFailurePreservesProjectDirectory) ... ok
testFileLoadResetsOffAziDisplayLevelsToDefaultRange (test.test_project_sidecars.ProjectSidecarsTest.testFileLoadResetsOffAziDisplayLevelsToDefaultRange) ... ok
testFileLoadReturnsTo2DMapViewAndRefreshes3DSubset (test.test_project_sidecars.ProjectSidecarsTest.testFileLoadReturnsTo2DMapViewAndRefreshes3DSubset) ... ok
testFileNewLandSurveyIncrementsSessionSurveyNumberOnlyOnSuccess (test.test_project_sidecars.ProjectSidecarsTest.testFileNewLandSurveyIncrementsSessionSurveyNumberOnlyOnSuccess) ... ok
testFileNewMarineSurveyIncrementsSessionSurveyNumberOnlyOnSuccess (test.test_project_sidecars.ProjectSidecarsTest.testFileNewMarineSurveyIncrementsSessionSurveyNumberOnlyOnSuccess) ... ok
testFileOpenRecentLoadsExistingFile (test.test_project_sidecars.ProjectSidecarsTest.testFileOpenRecentLoadsExistingFile) ... ok
testFileOpenRecentRemovesMissingFileFromRecentList (test.test_project_sidecars.ProjectSidecarsTest.testFileOpenRecentRemovesMissingFileFromRecentList) ... ok
testFileOpenRecentUsesSameOpenGuardsAsFileOpen (test.test_project_sidecars.ProjectSidecarsTest.testFileOpenRecentUsesSameOpenGuardsAsFileOpen) ... ok
testFilePrintDelegatesToPrintPresentationController (test.test_project_sidecars.ProjectSidecarsTest.testFilePrintDelegatesToPrintPresentationController) ... ok
testFilePrintPdfAppendsPdfSuffixBeforePrinting (test.test_project_sidecars.ProjectSidecarsTest.testFilePrintPdfAppendsPdfSuffixBeforePrinting) ... ok
testFileSaveAsCommitsDocumentContextOnlyAfterSuccessfulSave (test.test_project_sidecars.ProjectSidecarsTest.testFileSaveAsCommitsDocumentContextOnlyAfterSuccessfulSave) ... ok
testFileSaveUsesAppSettingsRelativePathFlag (test.test_project_sidecars.ProjectSidecarsTest.testFileSaveUsesAppSettingsRelativePathFlag) ... ok
testFinalizeAnalysisMemmapRefreshesTimestampAndReopensFile (test.test_project_sidecars.ProjectSidecarsTest.testFinalizeAnalysisMemmapRefreshesTimestampAndReopensFile) ... ok
testGeometryThreadFinishedHandlesFailureResult (test.test_project_sidecars.ProjectSidecarsTest.testGeometryThreadFinishedHandlesFailureResult) ... ok
testGeometryThreadFinishedUsesResultObject (test.test_project_sidecars.ProjectSidecarsTest.testGeometryThreadFinishedUsesResultObject) ... ok
testGeometryWorkerRunUsesOptionalProfilingPayload (test.test_project_sidecars.ProjectSidecarsTest.testGeometryWorkerRunUsesOptionalProfilingPayload) ... ok
testGetVisiblePlotIndexMapsPatternResponseWidget (test.test_project_sidecars.ProjectSidecarsTest.testGetVisiblePlotIndexMapsPatternResponseWidget) ... ok
testGetVisiblePlotWidgetReturnsFirstVisiblePlot (test.test_project_sidecars.ProjectSidecarsTest.testGetVisiblePlotWidgetReturnsFirstVisiblePlot) ... ok
testGrabPlotWidgetForPrintReturnsActiveAnalysisPlot (test.test_project_sidecars.ProjectSidecarsTest.testGrabPlotWidgetForPrintReturnsActiveAnalysisPlot) ... ok
testHandleImageSelectionUsesLayoutImageHelper (test.test_project_sidecars.ProjectSidecarsTest.testHandleImageSelectionUsesLayoutImageHelper) ... ok
testHandleImageSelectionUsesLayoutMetadataForGapSurface (test.test_project_sidecars.ProjectSidecarsTest.testHandleImageSelectionUsesLayoutMetadataForGapSurface) ... ok
testLayoutMethodControlsAreHiddenWhenExperimentalCodeIsDisabled (test.test_project_sidecars.ProjectSidecarsTest.testLayoutMethodControlsAreHiddenWhenExperimentalCodeIsDisabled) ... ok
testLayoutMethodControlsAreShownWhenExperimentalCodeIsEnabled (test.test_project_sidecars.ProjectSidecarsTest.testLayoutMethodControlsAreShownWhenExperimentalCodeIsEnabled) ... ok
testMainTabChangeKeeps3DSubsetSelected (test.test_project_sidecars.ProjectSidecarsTest.testMainTabChangeKeeps3DSubsetSelected) ... ok
testMarineWizardPage2InitializesSourceSeparationFromSourceCount (test.test_project_sidecars.ProjectSidecarsTest.testMarineWizardPage2InitializesSourceSeparationFromSourceCount) ... ok
testMarineWizardPage2TopViewFactorChangeInvalidatesSurveyPaintCache (test.test_project_sidecars.ProjectSidecarsTest.testMarineWizardPage2TopViewFactorChangeInvalidatesSurveyPaintCache) ... ok
testMarineWizardPage2TopViewUpdatesWhenFactorChanges (test.test_project_sidecars.ProjectSidecarsTest.testMarineWizardPage2TopViewUpdatesWhenFactorChanges) ... ok
testMarineWizardPage3BinXUpdatesAfterReturningFromPage2FactorChange (test.test_project_sidecars.ProjectSidecarsTest.testMarineWizardPage3BinXUpdatesAfterReturningFromPage2FactorChange) ... 